22:49:52 **** Incremental Build of configuration Debug for project 005_HAL_CAN_BUS_WITh_IDLIST_FILTER_BOARD2 ****
make all 
arm-none-eabi-gcc -c "../Core/Src/main.c" -mcpu=cortex-m4 -std=gnu11 -g3 -DUSE_HAL_DRIVER -DSTM32F407xx -c -I../Core/Inc -I../Drivers/STM32F4xx_HAL_Driver/Inc -I../Drivers/STM32F4xx_HAL_Driver/Inc/Legacy -I../Drivers/CMSIS/Device/ST/STM32F4xx/Include -I../Drivers/CMSIS/Include -O0 -ffunction-sections -fdata-sections -Wall -fstack-usage -fcyclomatic-complexity -MMD -MP -MF"Core/Src/main.d" -MT"Core/Src/main.o" --specs=nano.specs -mfpu=fpv4-sp-d16 -mfloat-abi=hard -mthumb -o "Core/Src/main.o"
arm-none-eabi-gcc -o "005_HAL_CAN_BUS_WITh_IDLIST_FILTER_BOARD2.elf" @"objects.list"   -mcpu=cortex-m4 -T"../STM32F407VG_FLASH.ld" --specs=nosys.specs -Wl,-Map="005_HAL_CAN_BUS_WITh_IDLIST_FILTER_BOARD2.map" -Wl,--gc-sections -static --specs=nano.specs -mfpu=fpv4-sp-d16 -mfloat-abi=hard -mthumb -Wl,--start-group -lc -lm -Wl,--end-group
Finished building target: 005_HAL_CAN_BUS_WITh_IDLIST_FILTER_BOARD2.elf
 
arm-none-eabi-size   005_HAL_CAN_BUS_WITh_IDLIST_FILTER_BOARD2.elf 
   text	   data	    bss	    dec	    hex	filename
   9984	     20	   1708	  11712	   2dc0	005_HAL_CAN_BUS_WITh_IDLIST_FILTER_BOARD2.elf
Finished building: default.size.stdout
 
arm-none-eabi-objdump -h -S  005_HAL_CAN_BUS_WITh_IDLIST_FILTER_BOARD2.elf  > "005_HAL_CAN_BUS_WITh_IDLIST_FILTER_BOARD2.list"
Finished building: 005_HAL_CAN_BUS_WITh_IDLIST_FILTER_BOARD2.list
 
arm-none-eabi-objcopy.exe -O ihex "005_HAL_CAN_BUS_WITh_IDLIST_FILTER_BOARD2.elf" "005_HAL_CAN_BUS_WITh_IDLIST_FILTER_BOARD2.hex"
 

22:49:54 Build Finished. 0 errors, 0 warnings. (took 1s.569ms)

