11:17:36 **** Incremental Build of configuration Debug for project 012_HAL_CAN_BUS_SEND_ADC_DATA ****
make -j8 all 
arm-none-eabi-gcc "../Core/Src/main.c" -mcpu=cortex-m4 -std=gnu11 -g3 -DDEBUG -DUSE_HAL_DRIVER -DSTM32F407xx -c -I../Core/Inc -I../Drivers/STM32F4xx_HAL_Driver/Inc -I../Drivers/STM32F4xx_HAL_Driver/Inc/Legacy -I../Drivers/CMSIS/Device/ST/STM32F4xx/Include -I../Drivers/CMSIS/Include -O0 -ffunction-sections -fdata-sections -Wall -fstack-usage -fcyclomatic-complexity -MMD -MP -MF"Core/Src/main.d" -MT"Core/Src/main.o" --specs=nano.specs -mfpu=fpv4-sp-d16 -mfloat-abi=hard -mthumb -o "Core/Src/main.o"
../Core/Src/main.c: In function 'main':
../Core/Src/main.c:130:29: warning: passing argument 2 of 'HAL_ADC_Start_DMA' from incompatible pointer type [-Wincompatible-pointer-types]
  130 |   HAL_ADC_Start_DMA(&hadc1, &adc_value, 1);
      |                             ^~~~~~~~~~
      |                             |
      |                             uint8_t * {aka unsigned char *}
In file included from ../Core/Inc/stm32f4xx_hal_conf.h:295,
                 from ../Drivers/STM32F4xx_HAL_Driver/Inc/stm32f4xx_hal.h:29,
                 from ../Core/Inc/main.h:30,
                 from ../Core/Src/main.c:20:
../Drivers/STM32F4xx_HAL_Driver/Inc/stm32f4xx_hal_adc.h:594:72: note: expected 'uint32_t *' {aka 'long unsigned int *'} but argument is of type 'uint8_t *' {aka 'unsigned char *'}
  594 | HAL_StatusTypeDef HAL_ADC_Start_DMA(ADC_HandleTypeDef* hadc, uint32_t* pData, uint32_t Length);
      |                                                              ~~~~~~~~~~^~~~~
arm-none-eabi-gcc -o "012_HAL_CAN_BUS_SEND_ADC_DATA.elf" @"objects.list"   -mcpu=cortex-m4 -T"C:\Users\90543\Desktop\Driver\canbus\012_HAL_CAN_BUS_SEND_ADC_DATA\STM32F407VGTX_FLASH.ld" --specs=nosys.specs -Wl,-Map="012_HAL_CAN_BUS_SEND_ADC_DATA.map" -Wl,--gc-sections -static --specs=nano.specs -mfpu=fpv4-sp-d16 -mfloat-abi=hard -mthumb -Wl,--start-group -lc -lm -Wl,--end-group
Finished building target: 012_HAL_CAN_BUS_SEND_ADC_DATA.elf
 
arm-none-eabi-size   012_HAL_CAN_BUS_SEND_ADC_DATA.elf 
arm-none-eabi-objdump -h -S  012_HAL_CAN_BUS_SEND_ADC_DATA.elf  > "012_HAL_CAN_BUS_SEND_ADC_DATA.list"
   text	   data	    bss	    dec	    hex	filename
  13292	     20	   1852	  15164	   3b3c	012_HAL_CAN_BUS_SEND_ADC_DATA.elf
Finished building: default.size.stdout
 
Finished building: 012_HAL_CAN_BUS_SEND_ADC_DATA.list
 

11:17:38 Build Finished. 0 errors, 1 warnings. (took 1s.249ms)

