16:19:40 **** Incremental Build of configuration Debug for project 013_2_HAL_CAN_BUS_GET_HCSR04_DATA ****
make -j8 all 
arm-none-eabi-gcc "../Core/Src/main.c" -mcpu=cortex-m4 -std=gnu11 -g3 -DDEBUG -DUSE_HAL_DRIVER -DSTM32F407xx -c -I../Core/Inc -I../Drivers/STM32F4xx_HAL_Driver/Inc -I../Drivers/STM32F4xx_HAL_Driver/Inc/Legacy -I../Drivers/CMSIS/Device/ST/STM32F4xx/Include -I../Drivers/CMSIS/Include -O0 -ffunction-sections -fdata-sections -Wall -fstack-usage -fcyclomatic-complexity -MMD -MP -MF"Core/Src/main.d" -MT"Core/Src/main.o" --specs=nano.specs -mfpu=fpv4-sp-d16 -mfloat-abi=hard -mthumb -o "Core/Src/main.o"
arm-none-eabi-gcc "../Core/Src/stm32f4xx_it.c" -mcpu=cortex-m4 -std=gnu11 -g3 -DDEBUG -DUSE_HAL_DRIVER -DSTM32F407xx -c -I../Core/Inc -I../Drivers/STM32F4xx_HAL_Driver/Inc -I../Drivers/STM32F4xx_HAL_Driver/Inc/Legacy -I../Drivers/CMSIS/Device/ST/STM32F4xx/Include -I../Drivers/CMSIS/Include -O0 -ffunction-sections -fdata-sections -Wall -fstack-usage -fcyclomatic-complexity -MMD -MP -MF"Core/Src/stm32f4xx_it.d" -MT"Core/Src/stm32f4xx_it.o" --specs=nano.specs -mfpu=fpv4-sp-d16 -mfloat-abi=hard -mthumb -o "Core/Src/stm32f4xx_it.o"
arm-none-eabi-gcc -o "013_2_HAL_CAN_BUS_GET_HCSR04_DATA.elf" @"objects.list"   -mcpu=cortex-m4 -T"C:\Users\90543\Desktop\Driver\canbus\013_2_HAL_CAN_BUS_GET_HCSR04_DATA\STM32F407VGTX_FLASH.ld" --specs=nosys.specs -Wl,-Map="013_2_HAL_CAN_BUS_GET_HCSR04_DATA.map" -Wl,--gc-sections -static --specs=nano.specs -mfpu=fpv4-sp-d16 -mfloat-abi=hard -mthumb -Wl,--start-group -lc -lm -Wl,--end-group
Finished building target: 013_2_HAL_CAN_BUS_GET_HCSR04_DATA.elf
 
arm-none-eabi-size   013_2_HAL_CAN_BUS_GET_HCSR04_DATA.elf 
arm-none-eabi-objdump -h -S  013_2_HAL_CAN_BUS_GET_HCSR04_DATA.elf  > "013_2_HAL_CAN_BUS_GET_HCSR04_DATA.list"
   text	   data	    bss	    dec	    hex	filename
   9380	     20	   1708	  11108	   2b64	013_2_HAL_CAN_BUS_GET_HCSR04_DATA.elf
Finished building: default.size.stdout
 
Finished building: 013_2_HAL_CAN_BUS_GET_HCSR04_DATA.list
 
